// Vitest Snapshot v1, https://vitest.dev/guide/snapshot.html

exports[`HomePage > should render products when loaded 1`] = `
<div>
  <div
    class="flex flex-col gap-4"
  >
    <div
      class="bg-white rounded-lg shadow-md p-6"
    >
      <div
        class="flex flex-col sm:flex-row gap-4"
      >
        <div
          class="flex-1"
        >
          <input
            aria-label="Search products"
            class="w-full px-4 py-2 border border-gray-300 rounded-lg focus:ring-2 focus:ring-blue-500 focus:border-transparent outline-none"
            placeholder="Search products..."
            type="text"
            value=""
          />
        </div>
        <div
          class="flex gap-2"
        >
          <button
            aria-label="Clear search input"
            class="px-6 py-2 bg-gray-500 text-white rounded-lg hover:bg-gray-600 focus:ring-2 focus:ring-gray-500 focus:ring-offset-2 transition-colors"
            disabled=""
          >
            Clear
          </button>
        </div>
      </div>
    </div>
    <a
      data-discover="true"
      href="/product/1"
    >
      <div
        class="bg-white rounded-lg shadow-md overflow-hidden hover:shadow-lg cursor-pointer"
      >
        <div
          class="grid grid-cols-3 gap-4 p-4"
        >
          <div
            class="col-span-2 flex flex-col justify-between"
          >
            <div>
              <h3
                class="text-xl font-semibold text-gray-900 mb-2"
              >
                iPhone 15
              </h3>
            </div>
            <div
              class="space-y-3"
            >
              <div
                class="flex items-center justify-between"
              >
                <span
                  class="text-2xl font-bold text-green-600"
                >
                  £
                  999.99
                </span>
              </div>
              <span
                class="inline-block font-semibold rounded-full px-2 py-1 text-x bg-green-100 text-green-800"
              >
                10 in stock
              </span>
            </div>
          </div>
          <div
            class="col-span-1"
          >
            <img
              alt="An image of iPhone 15"
              class="h-full w-auto object-contain rounded-lg"
              src="iphone-thumb.jpg"
            />
          </div>
        </div>
      </div>
    </a>
    <a
      data-discover="true"
      href="/product/2"
    >
      <div
        class="bg-white rounded-lg shadow-md overflow-hidden hover:shadow-lg cursor-pointer"
      >
        <div
          class="grid grid-cols-3 gap-4 p-4"
        >
          <div
            class="col-span-2 flex flex-col justify-between"
          >
            <div>
              <h3
                class="text-xl font-semibold text-gray-900 mb-2"
              >
                Samsung Galaxy
              </h3>
            </div>
            <div
              class="space-y-3"
            >
              <div
                class="flex items-center justify-between"
              >
                <span
                  class="text-2xl font-bold text-green-600"
                >
                  £
                  899.99
                </span>
              </div>
              <span
                class="inline-block font-semibold rounded-full px-2 py-1 text-x bg-green-100 text-green-800"
              >
                5 in stock
              </span>
            </div>
          </div>
          <div
            class="col-span-1"
          >
            <img
              alt="An image of Samsung Galaxy"
              class="h-full w-auto object-contain rounded-lg"
              src="samsung-thumb.jpg"
            />
          </div>
        </div>
      </div>
    </a>
  </div>
</div>
`;
